# OBJ File produced by MEPP2
# The M2Disco Framework
#
# Mesh with :
# 	8 vertex positions
# 	12 faces
# 	0 UV coordinates
# 	0 vertex normals

v 1 0 1 
v 0 1 1 
v -1 0 1 
v 0 -1 1 
v 1 0 -1 
v 0 1 -1 
v -1 0 -1 
v 0 -1 -1 

f 1 2 3 
f 3 4 1 
f 8 5 1 
f 1 4 8 
f 5 6 2 
f 2 1 5 
f 6 7 3 
f 3 2 6 
f 4 3 7 
f 7 8 4 
f 7 6 5 
f 5 8 7 
